// Jest Snapshot v1, https://goo.gl/fbAQLP

exports[`Component component should render connected component 1`] = `
<RepoListContainer
  actions={
    Object {
      "loadRepoList": [Function],
      "loadRepoListFailure": [Function],
      "loadRepoListInit": [Function],
      "loadRepoListSuccess": [Function],
    }
  }
  loadError={false}
  loadSuccess={false}
  loading={false}
  reason=""
  repos={Array []}
  store={
    Object {
      "clearActions": [Function],
      "dispatch": [Function],
      "getActions": [Function],
      "getState": [Function],
      "replaceReducer": [Function],
      "subscribe": [Function],
    }
  }
  storeSubscription={
    Subscription {
      "listeners": Object {
        "clear": [Function],
        "get": [Function],
        "notify": [Function],
        "subscribe": [Function],
      },
      "onStateChange": [Function],
      "parentSub": undefined,
      "store": Object {
        "clearActions": [Function],
        "dispatch": [Function],
        "getActions": [Function],
        "getState": [Function],
        "replaceReducer": [Function],
        "subscribe": [Function],
      },
      "unsubscribe": [Function],
    }
  }
/>
`;

exports[`Component component should render correctly 1`] = `
<Fragment>
  <RepoList
    loadError={false}
    loadSuccess={false}
    loading={false}
    reason=""
    repos={Array []}
  />
</Fragment>
`;
